226 160 44 497 336 322 440 176 386 35 802 933 576 647 296 627 446 574 493 729 179 745 591 486 783 601 233 841 818 721 318 185
514 621 555 479 958 231 479 374 868 651 479 885 548 901 620 523 694 606 374 672 339 314 216 570 413 488 208 952 713 832 318 364
460 259 553 375 370 663 415 140 967 971 885 463 625 676 313 778 475 817 514 606 150 181 1 383 218 479 587 247 614 741 928 854
329 187 55 383 725 522 739 560 353 509 572 590 712 774 579 675 733 949 934 909 164 35 554 409 802 523 244 883 964 19 467 489
27 659 886 389 848 299 31 615 122 770 305 136 126 283 696 286 23 441 828 984 938 962 923 19 922 659 42 146 945 148 304 90
38 979 557 877 67 552 240 902 767 825 899 226 381 76 763 329 835 454 312 246 296 706 97 509 171 482 841 880 964 986 726 477
368 4 163 345 888 825 762 448 502 13 763 404 399 450 199 7 637 798 288 146 173 744 126 601 650 902 633 998 893 446 623 31
464 755 962 811 303 671 888 797 504 838 814 335 324 268 332 904 848 2 884 657 708 220 192 848 26 388 763 928 427 156 189 60
744 76 422 102 372 504 830 382 68 157 199 198 985 636 265 473 209 704 672 418 257 269 828 104 377 721 782 130 7 885 969 997
745 512 860 304 952 237 128 948 331 948 619 603 208 502 144 374 250 8 172 609 210 731 595 853 239 941 898 43 547 891 167 365
508 697 607 712 412 366 148 829 583 504 847 808 51 945 15 261 210 531 463 37 635 469 900 237 687 913 692 654 444 192 982 489
589 644 549 109 343 260 32 727 314 33 473 727 325 683 357 362 529 227 28 926 897 708 389 308 524 577 373 17 36 441 77 261
568 127 6 971 404 850 345 246 524 273 529 988 47 740 536 967 170 356 156 640 439 208 852 147 503 239 535 677 556 107 264 741
262 794 314 99 260 865 297 841 325 557 385 487 238 40 241 920 995 984 30 877 477 256 942 264 298 285 634 657 864 96 375 223
97 707 387 496 499 797 12 390 53 537 326 186 94 874 306 785 100 567 839 490 787 41 27 611 20 589 3 420 552 41 734 166
63 486 387 804 536 980 311 387 152 853 459 769 191 949 423 571 988 811 564 537 981 638 950 143 12 629 403 515 248 305 553 201
359 29 833 132 778 966 141 627 580 930 428 144 857 534 252 817 455 408 897 541 77 746 996 157 38 516 486 340 845 289 460 413
234 166 681 517 749 843 434 255 21 691 305 267 494 11 545 107 424 867 312 600 490 702 541 388 879 852 683 629 841 84 190 984
107 941 669 250 46 422 513 616 154 978 80 48 785 239 322 323 300 121 757 351 660 514 777 859 911 328 209 289 691 104 818 141
455 281 94 158 442 202 877 650 773 621 279 242 938 899 400 960 310 841 461 327 876 827 363 898 698 806 421 443 799 912 588 354
900 261 25 312 884 736 670 193 690 498 98 81 13 148 142 855 433 564 786 798 728 15 389 308 938 583 751 601 623 128 589 792
94 344 795 135 540 236 938 317 807 441 462 518 785 245 395 657 697 473 198 238 313 496 567 707 730 68 620 430 692 399 456 159
51 126 885 494 461 73 701 301 462 381 470 0 6 721 334 45 0 441 535 653 630 438 848 467 740 411 141 648 943 638 666 490
844 439 336 19 871 472 651 337 408 191 406 716 821 582 85 338 247 74 973 754 611 484 569 690 605 367 205 144 373 77 784 428
826 958 354 635 736 628 144 718 341 308 283 456 434 942 483 814 158 835 604 530 117 827 382 315 784 101 542 750 949 843 635 94
262 207 500 844 392 206 48 534 867 469 586 297 345 88 804 461 362 405 292 451 979 462 608 54 33 570 968 905 92 827 582 427
81 263 998 579 781 347 881 52 87 115 945 339 15 470 64 361 964 404 798 348 672 760 234 292 158 827 904 797 189 564 585 251
824 662 560 910 874 878 715 327 924 539 623 193 536 979 671 365 330 473 242 709 924 665 250 201 108 347 653 816 487 801 823 163
703 853 923 786 249 570 609 231 879 988 737 750 36 187 551 820 285 638 827 807 486 868 533 323 894 758 65 538 606 187 69 941
294 423 942 505 12 208 697 12 167 799 453 339 99 394 7 571 880 535 355 155 406 925 269 861 188 745 281 514 8 134 514 335
808 944 926 230 509 464 607 728 683 156 999 732 924 591 210 564 130 557 806 381 164 683 216 30 917 376 365 466 218 577 84 550
930 14 320 635 586 892 49 407 617 376 539 35 612 187 847 800 732 212 672 888 665 966 477 809 677 712 650 379 776 909 387 126
